###############################################################################
#
# IAR ELF Linker V8.32.1.169/W32 for ARM                  16/Sep/2020  12:34:26
# Copyright 2007-2018 IAR Systems AB.
#
#    Output file  =  
#        C:\Users\61009\Desktop\work\≤‚ ‘≥Ã–Ú\test1\EWARM\test1\Exe\test1.out
#    Map file     =  
#        C:\Users\61009\Desktop\work\≤‚ ‘≥Ã–Ú\test1\EWARM\test1\List\test1.map
#    Command line =  
#        -f C:\Users\61009\AppData\Local\Temp\EWDB63.tmp
#        (C:\Users\61009\Desktop\work\≤‚ ‘≥Ã–Ú\test1\EWARM\test1\Obj\driverprodemo.o
#        C:\Users\61009\Desktop\work\≤‚ ‘≥Ã–Ú\test1\EWARM\test1\Obj\gpio.o
#        C:\Users\61009\Desktop\work\≤‚ ‘≥Ã–Ú\test1\EWARM\test1\Obj\main.o
#        C:\Users\61009\Desktop\work\≤‚ ‘≥Ã–Ú\test1\EWARM\test1\Obj\startup_stm32f103xe.o
#        C:\Users\61009\Desktop\work\≤‚ ‘≥Ã–Ú\test1\EWARM\test1\Obj\stm32f1xx_hal.o
#        C:\Users\61009\Desktop\work\≤‚ ‘≥Ã–Ú\test1\EWARM\test1\Obj\stm32f1xx_hal_cortex.o
#        C:\Users\61009\Desktop\work\≤‚ ‘≥Ã–Ú\test1\EWARM\test1\Obj\stm32f1xx_hal_dma.o
#        C:\Users\61009\Desktop\work\≤‚ ‘≥Ã–Ú\test1\EWARM\test1\Obj\stm32f1xx_hal_exti.o
#        C:\Users\61009\Desktop\work\≤‚ ‘≥Ã–Ú\test1\EWARM\test1\Obj\stm32f1xx_hal_flash.o
#        C:\Users\61009\Desktop\work\≤‚ ‘≥Ã–Ú\test1\EWARM\test1\Obj\stm32f1xx_hal_flash_ex.o
#        C:\Users\61009\Desktop\work\≤‚ ‘≥Ã–Ú\test1\EWARM\test1\Obj\stm32f1xx_hal_gpio.o
#        C:\Users\61009\Desktop\work\≤‚ ‘≥Ã–Ú\test1\EWARM\test1\Obj\stm32f1xx_hal_gpio_ex.o
#        C:\Users\61009\Desktop\work\≤‚ ‘≥Ã–Ú\test1\EWARM\test1\Obj\stm32f1xx_hal_msp.o
#        C:\Users\61009\Desktop\work\≤‚ ‘≥Ã–Ú\test1\EWARM\test1\Obj\stm32f1xx_hal_pwr.o
#        C:\Users\61009\Desktop\work\≤‚ ‘≥Ã–Ú\test1\EWARM\test1\Obj\stm32f1xx_hal_rcc.o
#        C:\Users\61009\Desktop\work\≤‚ ‘≥Ã–Ú\test1\EWARM\test1\Obj\stm32f1xx_hal_rcc_ex.o
#        C:\Users\61009\Desktop\work\≤‚ ‘≥Ã–Ú\test1\EWARM\test1\Obj\stm32f1xx_hal_tim.o
#        C:\Users\61009\Desktop\work\≤‚ ‘≥Ã–Ú\test1\EWARM\test1\Obj\stm32f1xx_hal_tim_ex.o
#        C:\Users\61009\Desktop\work\≤‚ ‘≥Ã–Ú\test1\EWARM\test1\Obj\stm32f1xx_it.o
#        C:\Users\61009\Desktop\work\≤‚ ‘≥Ã–Ú\test1\EWARM\test1\Obj\system_stm32f1xx.o
#        --redirect _Printf=_PrintfFull --redirect _Scanf=_ScanfFull
#        --no_out_extension -o
#        C:\Users\61009\Desktop\work\≤‚ ‘≥Ã–Ú\test1\EWARM\test1\Exe\test1.out
#        --map
#        C:\Users\61009\Desktop\work\≤‚ ‘≥Ã–Ú\test1\EWARM\test1\List\test1.map
#        --config
#        C:\Users\61009\Desktop\work\≤‚ ‘≥Ã–Ú\test1\EWARM/stm32f103xe_flash.icf
#        --semihosting --entry __iar_program_start --vfe --text_out locale)
#
###############################################################################

*******************************************************************************
*** RUNTIME MODEL ATTRIBUTES
***

CppFlavor       = *
__SystemLibrary = DLib
__dlib_version  = 6


*******************************************************************************
*** HEAP SELECTION
***

The basic heap was selected because no calls to memory allocation
functions were found in the application outside of system library
functions, and there are calls to deallocation functions in the
application.


*******************************************************************************
*** PLACEMENT SUMMARY
***

"A0":  place at 0x800'0000 { ro section .intvec };
"P1":  place in [from 0x800'0000 to 0x807'ffff] { ro };
define block CSTACK with size = 1K, alignment = 8 { };
define block HEAP with size = 512, alignment = 8 { };
"P2":  place in [from 0x2000'0000 to 0x2000'ffff] {
          rw, block CSTACK, block HEAP };
initialize by copy { rw };

  Section            Kind         Address    Size  Object
  -------            ----         -------    ----  ------
"A0":                                       0x130
  .intvec            ro code   0x800'0000   0x130  startup_stm32f103xe.o [1]
                             - 0x800'0130   0x130

"P1":                                      0x10b0
  .text              ro code   0x800'0130   0x60e  stm32f1xx_hal_rcc.o [1]
  .rodata            const     0x800'073e     0x2  stm32f1xx_hal_rcc.o [1]
  .text              ro code   0x800'0740     0xc  stm32f1xx_hal.o [1]
  .text              ro code   0x800'074c    0x4c  stm32f1xx_hal.o [1]
  .text              ro code   0x800'0798    0x86  ABImemcpy.o [3]
  .text              ro code   0x800'0820   0x100  stm32f1xx_hal_cortex.o [1]
  .text              ro code   0x800'0920   0x22c  stm32f1xx_hal_gpio.o [1]
  .text              ro code   0x800'0b4c   0x15c  driverprodemo.o [1]
  .text              ro code   0x800'0ca8    0x28  stm32f1xx_hal.o [1]
  .text              ro code   0x800'0cd0    0xcc  main.o [1]
  .text              ro code   0x800'0d9c    0x24  stm32f1xx_hal.o [1]
  .text              ro code   0x800'0dc0    0xc0  gpio.o [1]
  .text              ro code   0x800'0e80     0x6  ABImemclr4.o [3]
  .text              ro code   0x800'0e88    0x48  stm32f1xx_hal_msp.o [1]
  .text              ro code   0x800'0ed0    0x32  ABImemset48.o [3]
  .text              ro code   0x800'0f04    0x58  system_stm32f1xx.o [1]
  Initializer bytes  const     0x800'0f5c    0x30  <for P2-1>
  .text              ro code   0x800'0f8c    0x2c  copy_init3.o [3]
  .text              ro code   0x800'0fb8    0x28  data_init.o [3]
  .iar.init_table    const     0x800'0fe0    0x14  - Linker created -
  .text              ro code   0x800'0ff4    0x1e  stm32f1xx_it.o [1]
  .text              ro code   0x800'1014    0x18  stm32f1xx_hal.o [1]
  .text              ro code   0x800'102c    0x1e  cmain.o [3]
  .text              ro code   0x800'104a     0x4  low_level_init.o [2]
  .text              ro code   0x800'104e     0x4  exit.o [2]
  .text              ro code   0x800'1054     0xa  cexit.o [3]
  .text              ro code   0x800'1060    0x14  exit.o [4]
  .rodata            const     0x800'1074    0x10  main.o [1]
  .rodata            const     0x800'1084    0x10  main.o [1]
  .rodata            const     0x800'1094    0x10  main.o [1]
  .rodata            const     0x800'10a4    0x10  main.o [1]
  .rodata            const     0x800'10b4    0x10  stm32f1xx_hal_rcc.o [1]
  .rodata            const     0x800'10c4    0x10  system_stm32f1xx.o [1]
  .text              ro code   0x800'10d4    0x10  startup_stm32f103xe.o [1]
  .text              ro code   0x800'10e4     0xc  cstartup_M.o [3]
  .text              ro code   0x800'10f0     0x4  startup_stm32f103xe.o [1]
  .text              ro code   0x800'10f4     0x4  startup_stm32f103xe.o [1]
  .text              ro code   0x800'10f8     0x4  startup_stm32f103xe.o [1]
  .text              ro code   0x800'10fc     0x4  startup_stm32f103xe.o [1]
  .text              ro code   0x800'1100     0x4  startup_stm32f103xe.o [1]
  .text              ro code   0x800'1104     0x4  startup_stm32f103xe.o [1]
  .text              ro code   0x800'1108     0x4  startup_stm32f103xe.o [1]
  .text              ro code   0x800'110c     0x4  startup_stm32f103xe.o [1]
  .text              ro code   0x800'1110     0x4  startup_stm32f103xe.o [1]
  .text              ro code   0x800'1114     0x4  startup_stm32f103xe.o [1]
  .text              ro code   0x800'1118     0x4  startup_stm32f103xe.o [1]
  .text              ro code   0x800'111c     0x4  startup_stm32f103xe.o [1]
  .text              ro code   0x800'1120     0x4  startup_stm32f103xe.o [1]
  .text              ro code   0x800'1124     0x4  startup_stm32f103xe.o [1]
  .text              ro code   0x800'1128     0x4  startup_stm32f103xe.o [1]
  .text              ro code   0x800'112c     0x4  startup_stm32f103xe.o [1]
  .text              ro code   0x800'1130     0x4  startup_stm32f103xe.o [1]
  .text              ro code   0x800'1134     0x4  startup_stm32f103xe.o [1]
  .text              ro code   0x800'1138     0x4  startup_stm32f103xe.o [1]
  .text              ro code   0x800'113c     0x4  startup_stm32f103xe.o [1]
  .text              ro code   0x800'1140     0x4  startup_stm32f103xe.o [1]
  .text              ro code   0x800'1144     0x4  startup_stm32f103xe.o [1]
  .text              ro code   0x800'1148     0x4  startup_stm32f103xe.o [1]
  .text              ro code   0x800'114c     0x4  startup_stm32f103xe.o [1]
  .text              ro code   0x800'1150     0x4  startup_stm32f103xe.o [1]
  .text              ro code   0x800'1154     0x4  startup_stm32f103xe.o [1]
  .text              ro code   0x800'1158     0x4  startup_stm32f103xe.o [1]
  .text              ro code   0x800'115c     0x4  startup_stm32f103xe.o [1]
  .text              ro code   0x800'1160     0x4  startup_stm32f103xe.o [1]
  .text              ro code   0x800'1164     0x4  startup_stm32f103xe.o [1]
  .text              ro code   0x800'1168     0x4  startup_stm32f103xe.o [1]
  .text              ro code   0x800'116c     0x4  startup_stm32f103xe.o [1]
  .text              ro code   0x800'1170     0x4  startup_stm32f103xe.o [1]
  .text              ro code   0x800'1174     0x4  startup_stm32f103xe.o [1]
  .text              ro code   0x800'1178     0x4  startup_stm32f103xe.o [1]
  .text              ro code   0x800'117c     0x4  startup_stm32f103xe.o [1]
  .text              ro code   0x800'1180     0x4  startup_stm32f103xe.o [1]
  .text              ro code   0x800'1184     0x4  startup_stm32f103xe.o [1]
  .text              ro code   0x800'1188     0x4  startup_stm32f103xe.o [1]
  .text              ro code   0x800'118c     0x4  startup_stm32f103xe.o [1]
  .text              ro code   0x800'1190     0x4  startup_stm32f103xe.o [1]
  .text              ro code   0x800'1194     0x4  startup_stm32f103xe.o [1]
  .text              ro code   0x800'1198     0x4  startup_stm32f103xe.o [1]
  .text              ro code   0x800'119c     0x4  startup_stm32f103xe.o [1]
  .text              ro code   0x800'11a0     0x4  startup_stm32f103xe.o [1]
  .text              ro code   0x800'11a4     0x4  startup_stm32f103xe.o [1]
  .text              ro code   0x800'11a8     0x4  startup_stm32f103xe.o [1]
  .text              ro code   0x800'11ac     0x4  startup_stm32f103xe.o [1]
  .text              ro code   0x800'11b0     0x4  startup_stm32f103xe.o [1]
  .text              ro code   0x800'11b4     0x4  startup_stm32f103xe.o [1]
  .text              ro code   0x800'11b8     0x4  startup_stm32f103xe.o [1]
  .text              ro code   0x800'11bc     0x4  startup_stm32f103xe.o [1]
  .text              ro code   0x800'11c0     0x4  startup_stm32f103xe.o [1]
  .text              ro code   0x800'11c4     0x4  startup_stm32f103xe.o [1]
  .text              ro code   0x800'11c8     0x4  startup_stm32f103xe.o [1]
  .text              ro code   0x800'11cc     0x4  startup_stm32f103xe.o [1]
  .text              ro code   0x800'11d0     0x4  startup_stm32f103xe.o [1]
  .text              ro code   0x800'11d4     0x4  startup_stm32f103xe.o [1]
  .text              ro code   0x800'11d8     0x4  startup_stm32f103xe.o [1]
  .text              ro code   0x800'11dc     0x4  startup_stm32f103xe.o [1]
  .rodata            const     0x800'11e0     0x0  copy_init3.o [3]
                             - 0x800'11e0  0x10b0

"P2", part 1 of 2:                           0x30
  P2-1                        0x2000'0000    0x2d  <Init block>
    .data            inited   0x2000'0000    0x20  driverprodemo.o [1]
    .data            inited   0x2000'0020     0x4  stm32f1xx_hal.o [1]
    .data            inited   0x2000'0024     0x4  system_stm32f1xx.o [1]
    .bss             inited   0x2000'0028     0x4  stm32f1xx_hal.o [1]
    .data            inited   0x2000'002c     0x1  stm32f1xx_hal.o [1]
                            - 0x2000'002d    0x2d

"P2", part 2 of 2:                          0x400
  CSTACK                      0x2000'0030   0x400  <Block>
    CSTACK           uninit   0x2000'0030   0x400  <Block tail>
                            - 0x2000'0430   0x400

Unused ranges:

         From           To      Size
         ----           --      ----
   0x800'11e0   0x807'ffff  0x7'ee20
  0x2000'0430  0x2000'ffff    0xfbd0


*******************************************************************************
*** INIT TABLE
***

          Address      Size
          -------      ----
Copy (__iar_copy_init3)
    1 source range, total size 0x30 (106% of destination):
           0x800'0f5c  0x30
    1 destination range, total size 0x2d:
          0x2000'0000  0x2d



*******************************************************************************
*** MODULE SUMMARY
***

    Module                  ro code  ro data  rw data
    ------                  -------  -------  -------
command line/config:
    -------------------------------------------------
    Total:

C:\Users\61009\Desktop\work\≤‚ ‘≥Ã–Ú\test1\EWARM\test1\Obj: [1]
    driverprodemo.o             348       32       32
    gpio.o                      192
    main.o                      204       64
    startup_stm32f103xe.o       560
    stm32f1xx_hal.o             188        9        9
    stm32f1xx_hal_cortex.o      256
    stm32f1xx_hal_gpio.o        556
    stm32f1xx_hal_msp.o          72
    stm32f1xx_hal_rcc.o       1 550       18
    stm32f1xx_it.o               30
    system_stm32f1xx.o           88       20        4
    -------------------------------------------------
    Total:                    4 044      143       45

dl7M_tln.a: [2]
    exit.o                        4
    low_level_init.o              4
    -------------------------------------------------
    Total:                        8

rt7M_tl.a: [3]
    ABImemclr4.o                  6
    ABImemcpy.o                 134
    ABImemset48.o                50
    cexit.o                      10
    cmain.o                      30
    copy_init3.o                 44
    cstartup_M.o                 12
    data_init.o                  40
    -------------------------------------------------
    Total:                      326

shb_l.a: [4]
    exit.o                       20
    -------------------------------------------------
    Total:                       20

    Gaps                         12
    Linker created                        23    1 024
-----------------------------------------------------
    Grand Total:              4 410      166    1 069


*******************************************************************************
*** ENTRY LIST
***

Entry                       Address   Size  Type      Object
-----                       -------   ----  ----      ------
.iar.init_table$$Base    0x800'0fe0          --   Gb  - Linker created -
.iar.init_table$$Limit   0x800'0ff4          --   Gb  - Linker created -
?main                    0x800'102d         Code  Gb  cmain.o [3]
AHBPrescTable            0x800'10c4   0x10  Data  Gb  system_stm32f1xx.o [1]
BusFault_Handler         0x800'1001    0x2  Code  Gb  stm32f1xx_it.o [1]
CSTACK$$Base            0x2000'0030          --   Gb  - Linker created -
CSTACK$$Limit           0x2000'0430          --   Gb  - Linker created -
DebugMon_Handler         0x800'1007    0x2  Code  Gb  stm32f1xx_it.o [1]
Delayus                  0x800'0b4d    0xa  Code  Gb  driverprodemo.o [1]
Error_Handler            0x800'0d9b    0x2  Code  Gb  main.o [1]
HAL_Delay                0x800'0ca9   0x28  Code  Wk  stm32f1xx_hal.o [1]
HAL_GPIO_Init            0x800'0921  0x1ce  Code  Gb  stm32f1xx_hal_gpio.o [1]
HAL_GPIO_WritePin        0x800'0aef   0x14  Code  Gb  stm32f1xx_hal_gpio.o [1]
HAL_GetTick              0x800'0741    0xc  Code  Wk  stm32f1xx_hal.o [1]
HAL_IncTick              0x800'1015   0x18  Code  Wk  stm32f1xx_hal.o [1]
HAL_Init                 0x800'0d9d   0x20  Code  Gb  stm32f1xx_hal.o [1]
HAL_InitTick             0x800'074d   0x4c  Code  Wk  stm32f1xx_hal.o [1]
HAL_MspInit              0x800'0e89   0x48  Code  Gb  stm32f1xx_hal_msp.o [1]
HAL_NVIC_SetPriority     0x800'08db   0x22  Code  Gb  stm32f1xx_hal_cortex.o [1]
HAL_NVIC_SetPriorityGrouping
                         0x800'08d3    0x8  Code  Gb  stm32f1xx_hal_cortex.o [1]
HAL_RCC_ClockConfig      0x800'0503  0x146  Code  Gb  stm32f1xx_hal_rcc.o [1]
HAL_RCC_EnableCSS        0x800'0649    0x8  Code  Gb  stm32f1xx_hal_rcc.o [1]
HAL_RCC_GetSysClockFreq
                         0x800'0651   0x62  Code  Gb  stm32f1xx_hal_rcc.o [1]
HAL_RCC_NMI_IRQHandler   0x800'06b3   0x16  Code  Gb  stm32f1xx_hal_rcc.o [1]
HAL_RCC_OscConfig        0x800'0131  0x3d2  Code  Gb  stm32f1xx_hal_rcc.o [1]
HAL_SYSTICK_Config       0x800'08fd    0x8  Code  Gb  stm32f1xx_hal_cortex.o [1]
HardFault_Handler        0x800'0ffd    0x2  Code  Gb  stm32f1xx_it.o [1]
LCD_CS                   0x800'0c7b   0x20  Code  Gb  driverprodemo.o [1]
LCD_Display_Words        0x800'0c11   0x26  Code  Gb  driverprodemo.o [1]
LCD_RST                  0x800'0c51   0x2a  Code  Gb  driverprodemo.o [1]
LCD_addr                0x2000'0000   0x20  Data  Gb  driverprodemo.o [1]
Lcd_Init                 0x800'0c37   0x1a  Code  Gb  driverprodemo.o [1]
Lcd_WriteCmd             0x800'0bb3   0x2a  Code  Gb  driverprodemo.o [1]
Lcd_WriteData            0x800'0bdd   0x34  Code  Gb  driverprodemo.o [1]
MX_GPIO_Init             0x800'0dc1   0xc0  Code  Gb  gpio.o [1]
MemManage_Handler        0x800'0fff    0x2  Code  Gb  stm32f1xx_it.o [1]
NMI_Handler              0x800'0ff5    0x8  Code  Gb  stm32f1xx_it.o [1]
NVIC_EncodePriority      0x800'0869   0x3c  Code  Lc  stm32f1xx_hal_cortex.o [1]
PendSV_Handler           0x800'1009    0x2  Code  Gb  stm32f1xx_it.o [1]
RCC_Delay                0x800'06c9   0x24  Code  Lc  stm32f1xx_hal_rcc.o [1]
Region$$Table$$Base      0x800'0fe0          --   Gb  - Linker created -
Region$$Table$$Limit     0x800'0ff4          --   Gb  - Linker created -
SVC_Handler              0x800'1005    0x2  Code  Gb  stm32f1xx_it.o [1]
SendByte                 0x800'0b57   0x5c  Code  Gb  driverprodemo.o [1]
SysTick_Config           0x800'08a5   0x2e  Code  Lc  stm32f1xx_hal_cortex.o [1]
SysTick_Handler          0x800'100b    0x8  Code  Gb  stm32f1xx_it.o [1]
SystemClock_Config       0x800'0d2d   0x6e  Code  Gb  main.o [1]
SystemCoreClock         0x2000'0024    0x4  Data  Gb  system_stm32f1xx.o [1]
SystemInit               0x800'0f05   0x3e  Code  Gb  system_stm32f1xx.o [1]
UsageFault_Handler       0x800'1003    0x2  Code  Gb  stm32f1xx_it.o [1]
__NVIC_GetPriorityGrouping
                         0x800'083b    0xa  Code  Lc  stm32f1xx_hal_cortex.o [1]
__NVIC_SetPriority       0x800'0845   0x24  Code  Lc  stm32f1xx_hal_cortex.o [1]
__NVIC_SetPriorityGrouping
                         0x800'0821   0x1a  Code  Lc  stm32f1xx_hal_cortex.o [1]
__aeabi_memclr4          0x800'0e81         Code  Gb  ABImemclr4.o [3]
__aeabi_memcpy4          0x800'0799         Code  Gb  ABImemcpy.o [3]
__aeabi_memcpy8          0x800'0799         Code  Gb  ABImemcpy.o [3]
__cmain                  0x800'102d         Code  Gb  cmain.o [3]
__exit                   0x800'1061   0x14  Code  Gb  exit.o [4]
__iar_Memset4_word       0x800'0ed1         Code  Gb  ABImemset48.o [3]
__iar_Memset8_word       0x800'0ed1         Code  Gb  ABImemset48.o [3]
__iar_copy_init3         0x800'0f8d   0x2c  Code  Gb  copy_init3.o [3]
__iar_data_init3         0x800'0fb9   0x28  Code  Gb  data_init.o [3]
__iar_program_start      0x800'10e5         Code  Gb  cstartup_M.o [3]
__low_level_init         0x800'104b    0x4  Code  Gb  low_level_init.o [2]
__vector_table           0x800'0000         Data  Gb  startup_stm32f103xe.o [1]
_call_main               0x800'1039         Code  Gb  cmain.o [3]
_exit                    0x800'1055         Code  Gb  cexit.o [3]
_main                    0x800'1047         Code  Gb  cmain.o [3]
exit                     0x800'104f    0x4  Code  Gb  exit.o [2]
main                     0x800'0cd1   0x4c  Code  Gb  main.o [1]
uwTick                  0x2000'0028    0x4  Data  Gb  stm32f1xx_hal.o [1]
uwTickFreq              0x2000'002c    0x1  Data  Gb  stm32f1xx_hal.o [1]
uwTickPrio              0x2000'0020    0x4  Data  Gb  stm32f1xx_hal.o [1]


[1] = C:\Users\61009\Desktop\work\≤‚ ‘≥Ã–Ú\test1\EWARM\test1\Obj
[2] = dl7M_tln.a
[3] = rt7M_tl.a
[4] = shb_l.a

  4 410 bytes of readonly  code memory
    166 bytes of readonly  data memory
  1 069 bytes of readwrite data memory

Errors: none
Warnings: none
